AR tw_8254_cnt behavioral C:/Users/JUNE/Documents/GitHub/EEE3163-pcfg/tw_8254_cnt.vhd sub00/vhpl01 1541932054
EN tw_8254_cnt NULL C:/Users/JUNE/Documents/GitHub/EEE3163-pcfg/tw_8254_cnt.vhd sub00/vhpl00 1541932053
EN top_8254 NULL C:/Users/JUNE/Documents/GitHub/EEE3163-pcfg/top_8254.vhd sub00/vhpl02 1541932055
AR top_8254 behavioral C:/Users/JUNE/Documents/GitHub/EEE3163-pcfg/top_8254.vhd sub00/vhpl03 1541932056
